[2026-10-05--22-06-11 INFO actix_server::builder] starting 5 workers
[2026-10-05--22-06-11 INFO actix_server::server] Tokio runtime found; starting in existing Tokio runtime
[2026-10-05--22-06-11 INFO actix_server::server] starting service: "actix-web-service-127.0.0.1:18488", workers: 5, listening on: 127.0.0.1:18488
[2026-10-05--22-06-17 WARN hyper_util::client::legacy::connect::http] tcp set_tcp_user_timeout error: Protocol not available (os error 92)
[2026-10-05--22-06-17 INFO parity_ws] Listening for new connections on 127.0.0.1:8900.
[2026-10-05--22-06-17 WARN hyper_util::client::legacy::connect::http] tcp set_tcp_user_timeout error: Protocol not available (os error 92)
[2026-10-05--22-06-22 WARN hyper_util::client::legacy::connect::http] tcp set_tcp_user_timeout error: Protocol not available (os error 92)
[2026-10-05--22-07-17 WARN hyper_util::client::legacy::connect::http] tcp set_tcp_user_timeout error: Protocol not available (os error 92)
[2026-10-05--22-07-22 WARN hyper_util::client::legacy::connect::http] tcp set_tcp_user_timeout error: Protocol not available (os error 92)
[2026-10-05--22-07-22 ERROR litesvm] Program account Fg6PaFpoGXkYsidMpWTK6W2BeZ7FEfcYkg476zPFsLnS is not executable.
[2026-10-05--22-07-22 ERROR litesvm] Program account Fg6PaFpoGXkYsidMpWTK6W2BeZ7FEfcYkg476zPFsLnS is not executable.
[2026-10-05--22-08-45 WARN hyper_util::client::legacy::connect::http] tcp set_tcp_user_timeout error: Protocol not available (os error 92)
[2026-10-05--22-08-52 WARN hyper_util::client::legacy::connect::http] tcp set_tcp_user_timeout error: Protocol not available (os error 92)
[2026-10-05--22-08-52 WARN hyper_util::client::legacy::connect::http] tcp set_tcp_user_timeout error: Protocol not available (os error 92)
[2026-10-05--22-08-58 WARN hyper_util::client::legacy::connect::http] tcp set_tcp_user_timeout error: Protocol not available (os error 92)
[2026-10-05--22-08-58 WARN hyper_util::client::legacy::connect::http] tcp set_tcp_user_timeout error: Protocol not available (os error 92)
[2026-10-05--22-09-03 WARN hyper_util::client::legacy::connect::http] tcp set_tcp_user_timeout error: Protocol not available (os error 92)
[2026-10-05--22-09-03 WARN hyper_util::client::legacy::connect::http] tcp set_tcp_user_timeout error: Protocol not available (os error 92)
[2026-10-05--22-09-08 WARN hyper_util::client::legacy::connect::http] tcp set_tcp_user_timeout error: Protocol not available (os error 92)
[2026-10-05--22-09-08 INFO parity_ws::io] Accepted a new tcp connection from 127.0.0.1:51601.
[2026-10-05--22-09-10 WARN hyper_util::client::legacy::connect::http] tcp set_tcp_user_timeout error: Protocol not available (os error 92)
[2026-10-05--22-10-23 WARN hyper_util::client::legacy::connect::http] tcp set_tcp_user_timeout error: Protocol not available (os error 92)
[2026-10-05--22-10-23 WARN hyper_util::client::legacy::connect::http] tcp set_tcp_user_timeout error: Protocol not available (os error 92)
[2026-10-05--22-10-46 WARN hyper_util::client::legacy::connect::http] tcp set_tcp_user_timeout error: Protocol not available (os error 92)
[2026-10-05--22-11-03 WARN hyper_util::client::legacy::connect::http] tcp set_tcp_user_timeout error: Protocol not available (os error 92)
[2026-10-05--22-11-27 WARN hyper_util::client::legacy::connect::http] tcp set_tcp_user_timeout error: Protocol not available (os error 92)
[2026-10-05--22-11-27 WARN hyper_util::client::legacy::connect::http] tcp set_tcp_user_timeout error: Protocol not available (os error 92)
[2026-10-05--22-11-38 WARN hyper_util::client::legacy::connect::http] tcp set_tcp_user_timeout error: Protocol not available (os error 92)
[2026-10-05--22-11-43 WARN hyper_util::client::legacy::connect::http] tcp set_tcp_user_timeout error: Protocol not available (os error 92)
[2026-10-05--22-12-32 WARN hyper_util::client::legacy::connect::http] tcp set_tcp_user_timeout error: Protocol not available (os error 92)
[2026-10-05--22-12-41 WARN hyper_util::client::legacy::connect::http] tcp set_tcp_user_timeout error: Protocol not available (os error 92)
[2026-10-05--22-12-45 WARN hyper_util::client::legacy::connect::http] tcp set_tcp_user_timeout error: Protocol not available (os error 92)
[2026-10-05--22-12-45 WARN hyper_util::client::legacy::connect::http] tcp set_tcp_user_timeout error: Protocol not available (os error 92)
[2026-10-05--22-12-48 WARN hyper_util::client::legacy::connect::http] tcp set_tcp_user_timeout error: Protocol not available (os error 92)
[2026-10-05--22-12-58 WARN hyper_util::client::legacy::connect::http] tcp set_tcp_user_timeout error: Protocol not available (os error 92)
[2026-10-05--22-13-56 WARN hyper_util::client::legacy::connect::http] tcp set_tcp_user_timeout error: Protocol not available (os error 92)
[2026-10-05--22-13-56 WARN hyper_util::client::legacy::connect::http] tcp set_tcp_user_timeout error: Protocol not available (os error 92)
[2026-10-05--22-13-56 WARN hyper_util::client::legacy::connect::http] tcp set_tcp_user_timeout error: Protocol not available (os error 92)
[2026-10-05--22-13-56 WARN hyper_util::client::legacy::connect::http] tcp set_tcp_user_timeout error: Protocol not available (os error 92)
[2026-10-05--22-14-01 WARN hyper_util::client::legacy::connect::http] tcp set_tcp_user_timeout error: Protocol not available (os error 92)
[2026-10-05--22-14-06 WARN hyper_util::client::legacy::connect::http] tcp set_tcp_user_timeout error: Protocol not available (os error 92)
[2026-10-05--22-14-06 WARN hyper_util::client::legacy::connect::http] tcp set_tcp_user_timeout error: Protocol not available (os error 92)
[2026-10-05--22-14-11 WARN hyper_util::client::legacy::connect::http] tcp set_tcp_user_timeout error: Protocol not available (os error 92)
[2026-10-05--22-15-11 WARN hyper_util::client::legacy::connect::http] tcp set_tcp_user_timeout error: Protocol not available (os error 92)
[2026-10-05--22-15-14 WARN hyper_util::client::legacy::connect::http] tcp set_tcp_user_timeout error: Protocol not available (os error 92)
[2026-10-05--22-15-16 WARN hyper_util::client::legacy::connect::http] tcp set_tcp_user_timeout error: Protocol not available (os error 92)
[2026-10-05--22-15-16 WARN hyper_util::client::legacy::connect::http] tcp set_tcp_user_timeout error: Protocol not available (os error 92)
[2026-10-05--22-15-17 WARN hyper_util::client::legacy::connect::http] tcp set_tcp_user_timeout error: Protocol not available (os error 92)
[2026-10-05--22-15-18 WARN hyper_util::client::legacy::connect::http] tcp set_tcp_user_timeout error: Protocol not available (os error 92)
[2026-10-05--22-15-19 WARN hyper_util::client::legacy::connect::http] tcp set_tcp_user_timeout error: Protocol not available (os error 92)
[2026-10-05--22-15-28 ERROR hyper::server::tcp] accept error: Too many open files (os error 24)
[2026-10-05--22-15-36 ERROR hyper::server::tcp] accept error: Too many open files (os error 24)
[2026-10-06--03-16-21 ERROR hyper::server::tcp] accept error: Too many open files (os error 24)
[2026-10-06--03-16-22 ERROR hyper::server::tcp] accept error: Too many open files (os error 24)
[2026-10-06--03-16-24 WARN hyper_util::client::legacy::connect::http] tcp set_tcp_user_timeout error: Protocol not available (os error 92)
[2026-10-05--22-16-26 WARN hyper_util::client::legacy::connect::http] tcp set_tcp_user_timeout error: Protocol not available (os error 92)
[2026-10-05--22-16-26 WARN hyper_util::client::legacy::connect::http] tcp set_tcp_user_timeout error: Protocol not available (os error 92)
[2026-10-05--22-16-26 WARN hyper_util::client::legacy::connect::http] tcp set_tcp_user_timeout error: Protocol not available (os error 92)
[2026-10-05--22-16-26 WARN hyper_util::client::legacy::connect::http] tcp set_tcp_user_timeout error: Protocol not available (os error 92)
[2026-10-05--22-16-30 WARN hyper_util::client::legacy::connect::http] tcp set_tcp_user_timeout error: Protocol not available (os error 92)
[2026-10-06--03-16-38 ERROR hyper::server::tcp] accept error: Too many open files (os error 24)
[2026-10-06--03-16-42 ERROR hyper::server::tcp] accept error: Too many open files (os error 24)
[2026-10-06--03-16-48 ERROR hyper::server::tcp] accept error: Too many open files (os error 24)
[2026-10-06--03-16-55 ERROR hyper::server::tcp] accept error: Too many open files (os error 24)
[2026-10-06--03-17-09 ERROR hyper::server::tcp] accept error: Too many open files (os error 24)
[2026-10-06--03-17-10 ERROR hyper::server::tcp] accept error: Too many open files (os error 24)
[2026-10-06--03-17-11 ERROR hyper::server::tcp] accept error: Too many open files (os error 24)
[2026-10-06--03-17-12 ERROR hyper::server::tcp] accept error: Too many open files (os error 24)
[2026-10-06--03-17-13 ERROR hyper::server::tcp] accept error: Too many open files (os error 24)
[2026-10-06--03-17-14 WARN hyper_util::client::legacy::connect::http] tcp set_tcp_user_timeout error: Protocol not available (os error 92)
[2026-10-06--03-17-14 ERROR hyper::server::tcp] accept error: Too many open files (os error 24)
[2026-10-06--03-17-14 WARN hyper_util::client::legacy::connect::http] tcp set_tcp_user_timeout error: Protocol not available (os error 92)
[2026-10-06--03-17-15 ERROR hyper::server::tcp] accept error: Too many open files (os error 24)
[2026-10-06--03-17-16 ERROR hyper::server::tcp] accept error: Too many open files (os error 24)
[2026-10-06--03-17-17 ERROR hyper::server::tcp] accept error: Too many open files (os error 24)
[2026-10-06--03-17-18 ERROR hyper::server::tcp] accept error: Too many open files (os error 24)
[2026-10-06--03-17-19 ERROR hyper::server::tcp] accept error: Too many open files (os error 24)
[2026-10-06--03-17-20 WARN hyper_util::client::legacy::connect::http] tcp set_tcp_user_timeout error: Protocol not available (os error 92)
[2026-10-06--03-17-20 ERROR hyper::server::tcp] accept error: Too many open files (os error 24)
[2026-10-06--03-17-21 WARN hyper_util::client::legacy::connect::http] tcp set_tcp_user_timeout error: Protocol not available (os error 92)
[2026-10-06--03-17-21 ERROR hyper::server::tcp] accept error: Too many open files (os error 24)
[2026-10-06--03-17-22 ERROR hyper::server::tcp] accept error: Too many open files (os error 24)
[2026-10-06--03-17-23 ERROR hyper::server::tcp] accept error: Too many open files (os error 24)
[2026-10-06--03-17-36 WARN hyper_util::client::legacy::connect::http] tcp set_tcp_user_timeout error: Protocol not available (os error 92)
[2026-10-05--22-17-36 WARN hyper_util::client::legacy::connect::http] tcp set_tcp_user_timeout error: Protocol not available (os error 92)
[2026-10-06--03-17-49 WARN hyper_util::client::legacy::connect::http] tcp set_tcp_user_timeout error: Protocol not available (os error 92)
[2026-10-06--03-17-51 ERROR hyper::server::tcp] accept error: Too many open files (os error 24)
[2026-10-06--03-17-54 ERROR hyper::server::tcp] accept error: Too many open files (os error 24)
[2026-10-06--03-18-08 ERROR hyper::server::tcp] accept error: Too many open files (os error 24)
[2026-10-06--03-18-18 ERROR hyper::server::tcp] accept error: Too many open files (os error 24)
[2026-10-06--03-18-19 ERROR hyper::server::tcp] accept error: Too many open files (os error 24)
[2026-10-06--03-18-20 ERROR hyper::server::tcp] accept error: Too many open files (os error 24)
[2026-10-06--03-18-21 ERROR hyper::server::tcp] accept error: Too many open files (os error 24)
[2026-10-06--03-18-22 ERROR hyper::server::tcp] accept error: Too many open files (os error 24)
[2026-10-06--03-18-23 ERROR hyper::server::tcp] accept error: Too many open files (os error 24)
[2026-10-06--03-18-23 WARN hyper_util::client::legacy::connect::http] tcp set_tcp_user_timeout error: Protocol not available (os error 92)
[2026-10-05--22-18-30 WARN hyper_util::client::legacy::connect::http] tcp set_tcp_user_timeout error: Protocol not available (os error 92)
[2026-10-06--03-18-33 WARN hyper_util::client::legacy::connect::http] tcp set_tcp_user_timeout error: Protocol not available (os error 92)
[2026-10-06--03-18-45 WARN hyper_util::client::legacy::connect::http] tcp set_tcp_user_timeout error: Protocol not available (os error 92)
[2026-10-06--03-18-47 WARN hyper_util::client::legacy::connect::http] tcp set_tcp_user_timeout error: Protocol not available (os error 92)
[2026-10-06--03-19-01 ERROR hyper::server::tcp] accept error: Too many open files (os error 24)
[2026-10-06--03-19-25 ERROR hyper::server::tcp] accept error: Too many open files (os error 24)
[2026-10-06--03-19-25 WARN hyper_util::client::legacy::connect::http] tcp set_tcp_user_timeout error: Protocol not available (os error 92)
[2026-10-06--03-19-26 ERROR hyper::server::tcp] accept error: Too many open files (os error 24)
[2026-10-06--03-19-27 ERROR hyper::server::tcp] accept error: Too many open files (os error 24)
[2026-10-06--03-19-28 ERROR hyper::server::tcp] accept error: Too many open files (os error 24)
[2026-10-06--03-19-29 ERROR hyper::server::tcp] accept error: Too many open files (os error 24)
[2026-10-06--03-19-30 ERROR hyper::server::tcp] accept error: Too many open files (os error 24)
[2026-10-06--03-19-30 WARN hyper_util::client::legacy::connect::http] tcp set_tcp_user_timeout error: Protocol not available (os error 92)
[2026-10-06--03-19-31 ERROR hyper::server::tcp] accept error: Too many open files (os error 24)
[2026-10-06--03-19-32 ERROR hyper::server::tcp] accept error: Too many open files (os error 24)
[2026-10-06--03-19-33 ERROR hyper::server::tcp] accept error: Too many open files (os error 24)
[2026-10-06--03-19-34 ERROR hyper::server::tcp] accept error: Too many open files (os error 24)
[2026-10-06--03-19-35 ERROR hyper::server::tcp] accept error: Too many open files (os error 24)
[2026-10-06--03-19-36 ERROR hyper::server::tcp] accept error: Too many open files (os error 24)
[2026-10-06--03-19-36 WARN hyper_util::client::legacy::connect::http] tcp set_tcp_user_timeout error: Protocol not available (os error 92)
[2026-10-06--03-19-37 ERROR hyper::server::tcp] accept error: Too many open files (os error 24)
[2026-10-06--03-19-37 WARN hyper_util::client::legacy::connect::http] tcp set_tcp_user_timeout error: Protocol not available (os error 92)
[2026-10-06--03-19-38 ERROR hyper::server::tcp] accept error: Too many open files (os error 24)
[2026-10-06--03-19-39 ERROR hyper::server::tcp] accept error: Too many open files (os error 24)
[2026-10-06--03-19-40 ERROR hyper::server::tcp] accept error: Too many open files (os error 24)
[2026-10-06--03-19-40 WARN hyper_util::client::legacy::connect::http] tcp set_tcp_user_timeout error: Protocol not available (os error 92)
[2026-10-06--03-19-41 ERROR hyper::server::tcp] accept error: Too many open files (os error 24)
[2026-10-06--03-19-42 ERROR hyper::server::tcp] accept error: Too many open files (os error 24)
[2026-10-06--03-19-43 ERROR hyper::server::tcp] accept error: Too many open files (os error 24)
[2026-10-06--03-19-47 WARN hyper_util::client::legacy::connect::http] tcp set_tcp_user_timeout error: Protocol not available (os error 92)
[2026-10-06--03-19-52 WARN hyper_util::client::legacy::connect::http] tcp set_tcp_user_timeout error: Protocol not available (os error 92)
[2026-10-06--03-19-59 WARN hyper_util::client::legacy::connect::http] tcp set_tcp_user_timeout error: Protocol not available (os error 92)
[2026-10-06--03-20-02 WARN hyper_util::client::legacy::connect::http] tcp set_tcp_user_timeout error: Protocol not available (os error 92)
[2026-10-06--03-20-12 ERROR hyper::server::tcp] accept error: Too many open files (os error 24)
[2026-10-06--03-20-14 ERROR hyper::server::tcp] accept error: Too many open files (os error 24)
[2026-10-06--03-20-27 ERROR hyper::server::tcp] accept error: Too many open files (os error 24)
[2026-10-06--03-20-33 ERROR hyper::server::tcp] accept error: Too many open files (os error 24)
[2026-10-06--03-20-34 ERROR hyper::server::tcp] accept error: Too many open files (os error 24)
[2026-10-06--03-20-35 ERROR hyper::server::tcp] accept error: Too many open files (os error 24)
[2026-10-06--03-20-36 ERROR hyper::server::tcp] accept error: Too many open files (os error 24)
[2026-10-06--03-20-37 ERROR hyper::server::tcp] accept error: Too many open files (os error 24)
[2026-10-06--03-20-38 ERROR hyper::server::tcp] accept error: Too many open files (os error 24)
[2026-10-06--03-20-39 WARN hyper_util::client::legacy::connect::http] tcp set_tcp_user_timeout error: Protocol not available (os error 92)
[2026-10-06--03-20-39 ERROR hyper::server::tcp] accept error: Too many open files (os error 24)
[2026-10-06--03-20-40 ERROR hyper::server::tcp] accept error: Too many open files (os error 24)
[2026-10-06--03-20-41 ERROR hyper::server::tcp] accept error: Too many open files (os error 24)
[2026-10-06--03-20-42 ERROR hyper::server::tcp] accept error: Too many open files (os error 24)
[2026-10-06--03-20-43 ERROR hyper::server::tcp] accept error: Too many open files (os error 24)
[2026-10-06--03-20-44 ERROR hyper::server::tcp] accept error: Too many open files (os error 24)
[2026-10-06--03-20-45 ERROR hyper::server::tcp] accept error: Too many open files (os error 24)
[2026-10-06--03-20-46 ERROR hyper::server::tcp] accept error: Too many open files (os error 24)
[2026-10-06--03-20-47 ERROR hyper::server::tcp] accept error: Too many open files (os error 24)
[2026-10-06--03-20-48 ERROR hyper::server::tcp] accept error: Too many open files (os error 24)
[2026-10-06--03-20-49 ERROR hyper::server::tcp] accept error: Too many open files (os error 24)
[2026-10-06--03-20-50 ERROR hyper::server::tcp] accept error: Too many open files (os error 24)
[2026-10-06--03-20-51 ERROR hyper::server::tcp] accept error: Too many open files (os error 24)
[2026-10-06--03-20-52 ERROR hyper::server::tcp] accept error: Too many open files (os error 24)
[2026-10-06--03-20-53 WARN hyper_util::client::legacy::connect::http] tcp set_tcp_user_timeout error: Protocol not available (os error 92)
[2026-10-06--03-21-03 WARN hyper_util::client::legacy::connect::http] tcp set_tcp_user_timeout error: Protocol not available (os error 92)
[2026-10-06--03-21-09 WARN hyper_util::client::legacy::connect::http] tcp set_tcp_user_timeout error: Protocol not available (os error 92)
[2026-10-06--03-21-17 ERROR hyper::server::tcp] accept error: Too many open files (os error 24)
[2026-10-06--03-21-18 ERROR hyper::server::tcp] accept error: Too many open files (os error 24)
[2026-10-06--03-21-32 ERROR hyper::server::tcp] accept error: Too many open files (os error 24)
[2026-10-06--03-21-41 ERROR hyper::server::tcp] accept error: Too many open files (os error 24)
[2026-10-06--03-21-42 ERROR hyper::server::tcp] accept error: Too many open files (os error 24)
[2026-10-06--03-21-43 ERROR hyper::server::tcp] accept error: Too many open files (os error 24)
[2026-10-06--03-21-44 ERROR hyper::server::tcp] accept error: Too many open files (os error 24)
[2026-10-06--03-21-45 ERROR hyper::server::tcp] accept error: Too many open files (os error 24)
[2026-10-06--03-21-46 WARN hyper_util::client::legacy::connect::http] tcp set_tcp_user_timeout error: Protocol not available (os error 92)
[2026-10-06--03-21-46 ERROR hyper::server::tcp] accept error: Too many open files (os error 24)
[2026-10-06--03-21-47 ERROR hyper::server::tcp] accept error: Too many open files (os error 24)
[2026-10-06--03-21-48 ERROR hyper::server::tcp] accept error: Too many open files (os error 24)
[2026-10-06--03-21-49 WARN hyper_util::client::legacy::connect::http] tcp set_tcp_user_timeout error: Protocol not available (os error 92)
[2026-10-06--03-21-49 ERROR hyper::server::tcp] accept error: Too many open files (os error 24)
[2026-10-06--03-21-50 ERROR hyper::server::tcp] accept error: Too many open files (os error 24)
[2026-10-06--03-21-51 ERROR hyper::server::tcp] accept error: Too many open files (os error 24)
[2026-10-06--03-21-52 ERROR hyper::server::tcp] accept error: Too many open files (os error 24)
[2026-10-06--03-22-04 WARN hyper_util::client::legacy::connect::http] tcp set_tcp_user_timeout error: Protocol not available (os error 92)
[2026-10-06--03-22-06 WARN hyper_util::client::legacy::connect::http] tcp set_tcp_user_timeout error: Protocol not available (os error 92)
[2026-10-06--03-22-11 WARN hyper_util::client::legacy::connect::http] tcp set_tcp_user_timeout error: Protocol not available (os error 92)
[2026-10-06--03-22-19 WARN hyper_util::client::legacy::connect::http] tcp set_tcp_user_timeout error: Protocol not available (os error 92)
[2026-10-06--03-22-30 ERROR hyper::server::tcp] accept error: Too many open files (os error 24)
[2026-10-06--03-22-38 ERROR hyper::server::tcp] accept error: Too many open files (os error 24)
[2026-10-06--03-22-57 ERROR hyper::server::tcp] accept error: Too many open files (os error 24)
[2026-10-05--22-22-57 WARN hyper_util::client::legacy::connect::http] tcp set_tcp_user_timeout error: Protocol not available (os error 92)
[2026-10-06--03-22-58 ERROR hyper::server::tcp] accept error: Too many open files (os error 24)
[2026-10-06--03-22-59 ERROR hyper::server::tcp] accept error: Too many open files (os error 24)
[2026-10-06--03-23-00 ERROR hyper::server::tcp] accept error: Too many open files (os error 24)
[2026-10-06--03-23-01 ERROR hyper::server::tcp] accept error: Too many open files (os error 24)
[2026-10-06--03-23-02 ERROR hyper::server::tcp] accept error: Too many open files (os error 24)
[2026-10-06--03-23-03 WARN hyper_util::client::legacy::connect::http] tcp set_tcp_user_timeout error: Protocol not available (os error 92)
[2026-10-06--03-23-03 ERROR hyper::server::tcp] accept error: Too many open files (os error 24)
[2026-10-06--03-23-04 ERROR hyper::server::tcp] accept error: Too many open files (os error 24)
[2026-10-06--03-23-05 ERROR hyper::server::tcp] accept error: Too many open files (os error 24)
[2026-10-06--03-23-06 ERROR hyper::server::tcp] accept error: Too many open files (os error 24)
[2026-10-06--03-23-07 ERROR hyper::server::tcp] accept error: Too many open files (os error 24)
[2026-10-06--03-23-08 ERROR hyper::server::tcp] accept error: Too many open files (os error 24)
[2026-10-05--22-23-09 ERROR hyper::server::tcp] accept error: Too many open files (os error 24)
[2026-10-05--22-23-10 ERROR hyper::server::tcp] accept error: Too many open files (os error 24)
[2026-10-05--22-23-11 ERROR hyper::server::tcp] accept error: Too many open files (os error 24)
[2026-10-06--03-23-12 ERROR hyper::server::tcp] accept error: Too many open files (os error 24)
[2026-10-06--03-23-13 ERROR hyper::server::tcp] accept error: Too many open files (os error 24)
[2026-10-06--03-23-14 ERROR hyper::server::tcp] accept error: Too many open files (os error 24)
[2026-10-06--03-23-15 ERROR hyper::server::tcp] accept error: Too many open files (os error 24)
[2026-10-06--03-23-25 WARN hyper_util::client::legacy::connect::http] tcp set_tcp_user_timeout error: Protocol not available (os error 92)
[2026-10-06--03-23-27 WARN hyper_util::client::legacy::connect::http] tcp set_tcp_user_timeout error: Protocol not available (os error 92)
[2026-10-06--03-23-38 ERROR hyper::server::tcp] accept error: Too many open files (os error 24)
[2026-10-06--03-23-54 ERROR hyper::server::tcp] accept error: Too many open files (os error 24)
[2026-10-06--03-24-04 ERROR hyper::server::tcp] accept error: Too many open files (os error 24)
[2026-10-06--03-24-05 ERROR hyper::server::tcp] accept error: Too many open files (os error 24)
[2026-10-06--03-24-06 ERROR hyper::server::tcp] accept error: Too many open files (os error 24)
[2026-10-06--03-24-07 ERROR hyper::server::tcp] accept error: Too many open files (os error 24)
[2026-10-06--03-24-08 ERROR hyper::server::tcp] accept error: Too many open files (os error 24)
[2026-10-06--03-24-09 ERROR hyper::server::tcp] accept error: Too many open files (os error 24)
[2026-10-06--03-24-09 WARN hyper_util::client::legacy::connect::http] tcp set_tcp_user_timeout error: Protocol not available (os error 92)
[2026-10-06--03-24-10 ERROR hyper::server::tcp] accept error: Too many open files (os error 24)
[2026-10-06--03-24-11 ERROR hyper::server::tcp] accept error: Too many open files (os error 24)
[2026-10-06--03-24-12 ERROR hyper::server::tcp] accept error: Too many open files (os error 24)
[2026-10-06--03-24-13 ERROR hyper::server::tcp] accept error: Too many open files (os error 24)
[2026-10-06--03-24-14 ERROR hyper::server::tcp] accept error: Too many open files (os error 24)
[2026-10-06--03-24-15 ERROR hyper::server::tcp] accept error: Too many open files (os error 24)
[2026-10-06--03-24-16 ERROR hyper::server::tcp] accept error: Too many open files (os error 24)
[2026-10-06--03-24-17 ERROR hyper::server::tcp] accept error: Too many open files (os error 24)
[2026-10-06--03-24-18 ERROR hyper::server::tcp] accept error: Too many open files (os error 24)
[2026-10-06--03-24-25 WARN hyper_util::client::legacy::connect::http] tcp set_tcp_user_timeout error: Protocol not available (os error 92)
[2026-10-06--03-24-25 WARN hyper_util::client::legacy::connect::http] tcp set_tcp_user_timeout error: Protocol not available (os error 92)
[2026-10-06--03-24-48 ERROR hyper::server::tcp] accept error: Too many open files (os error 24)
[2026-10-06--03-24-49 WARN hyper_util::client::legacy::connect::http] tcp set_tcp_user_timeout error: Protocol not available (os error 92)
[2026-10-06--03-25-05 ERROR hyper::server::tcp] accept error: Too many open files (os error 24)
[2026-10-06--03-25-13 ERROR hyper::server::tcp] accept error: Too many open files (os error 24)
[2026-10-06--03-25-14 ERROR hyper::server::tcp] accept error: Too many open files (os error 24)
[2026-10-06--03-25-15 ERROR hyper::server::tcp] accept error: Too many open files (os error 24)
[2026-10-06--03-25-16 ERROR hyper::server::tcp] accept error: Too many open files (os error 24)
[2026-10-06--03-25-17 ERROR hyper::server::tcp] accept error: Too many open files (os error 24)
[2026-10-06--03-25-18 ERROR hyper::server::tcp] accept error: Too many open files (os error 24)
[2026-10-06--03-25-18 WARN hyper_util::client::legacy::connect::http] tcp set_tcp_user_timeout error: Protocol not available (os error 92)
[2026-10-06--03-25-19 ERROR hyper::server::tcp] accept error: Too many open files (os error 24)
[2026-10-06--03-25-20 ERROR hyper::server::tcp] accept error: Too many open files (os error 24)
[2026-10-06--03-25-21 ERROR hyper::server::tcp] accept error: Too many open files (os error 24)
[2026-10-06--03-25-22 ERROR hyper::server::tcp] accept error: Too many open files (os error 24)
[2026-10-06--03-25-26 WARN hyper_util::client::legacy::connect::http] tcp set_tcp_user_timeout error: Protocol not available (os error 92)
[2026-10-06--03-25-41 WARN hyper_util::client::legacy::connect::http] tcp set_tcp_user_timeout error: Protocol not available (os error 92)
[2026-10-06--03-25-42 WARN hyper_util::client::legacy::connect::http] tcp set_tcp_user_timeout error: Protocol not available (os error 92)
[2026-10-06--03-25-59 ERROR hyper::server::tcp] accept error: Too many open files (os error 24)
[2026-10-06--03-26-21 ERROR hyper::server::tcp] accept error: Too many open files (os error 24)
[2026-10-06--03-26-22 ERROR hyper::server::tcp] accept error: Too many open files (os error 24)
[2026-10-06--03-26-23 ERROR hyper::server::tcp] accept error: Too many open files (os error 24)
[2026-10-06--03-26-24 ERROR hyper::server::tcp] accept error: Too many open files (os error 24)
[2026-10-06--03-26-25 ERROR hyper::server::tcp] accept error: Too many open files (os error 24)
[2026-10-06--03-26-26 ERROR hyper::server::tcp] accept error: Too many open files (os error 24)
[2026-10-06--03-26-27 WARN hyper_util::client::legacy::connect::http] tcp set_tcp_user_timeout error: Protocol not available (os error 92)
[2026-10-06--03-26-27 ERROR hyper::server::tcp] accept error: Too many open files (os error 24)
[2026-10-06--03-26-28 ERROR hyper::server::tcp] accept error: Too many open files (os error 24)
[2026-10-06--03-26-29 ERROR hyper::server::tcp] accept error: Too many open files (os error 24)
[2026-10-06--03-26-30 ERROR hyper::server::tcp] accept error: Too many open files (os error 24)
[2026-10-06--03-26-31 ERROR hyper::server::tcp] accept error: Too many open files (os error 24)
[2026-10-06--03-26-32 ERROR hyper::server::tcp] accept error: Too many open files (os error 24)
[2026-10-06--03-26-33 ERROR hyper::server::tcp] accept error: Too many open files (os error 24)
[2026-10-06--03-26-34 ERROR hyper::server::tcp] accept error: Too many open files (os error 24)
[2026-10-06--03-26-35 ERROR hyper::server::tcp] accept error: Too many open files (os error 24)
[2026-10-06--03-26-36 ERROR hyper::server::tcp] accept error: Too many open files (os error 24)
[2026-10-06--03-26-37 ERROR hyper::server::tcp] accept error: Too many open files (os error 24)
[2026-10-06--03-26-38 ERROR hyper::server::tcp] accept error: Too many open files (os error 24)
[2026-10-06--03-26-39 WARN hyper_util::client::legacy::connect::http] tcp set_tcp_user_timeout error: Protocol not available (os error 92)
[2026-10-06--03-26-39 WARN hyper_util::client::legacy::connect::http] tcp set_tcp_user_timeout error: Protocol not available (os error 92)
[2026-10-06--03-26-52 WARN hyper_util::client::legacy::connect::http] tcp set_tcp_user_timeout error: Protocol not available (os error 92)
[2026-10-06--03-27-08 ERROR hyper::server::tcp] accept error: Too many open files (os error 24)
[2026-10-06--03-27-09 ERROR hyper::server::tcp] accept error: Too many open files (os error 24)
[2026-10-06--03-27-13 WARN hyper_util::client::legacy::connect::http] tcp set_tcp_user_timeout error: Protocol not available (os error 92)
[2026-10-06--03-27-25 ERROR hyper::server::tcp] accept error: Too many open files (os error 24)
[2026-10-06--03-27-29 ERROR hyper::server::tcp] accept error: Too many open files (os error 24)
[2026-10-06--03-27-30 ERROR hyper::server::tcp] accept error: Too many open files (os error 24)
[2026-10-06--03-27-31 ERROR hyper::server::tcp] accept error: Too many open files (os error 24)
[2026-10-06--03-27-32 ERROR hyper::server::tcp] accept error: Too many open files (os error 24)
[2026-10-06--03-27-33 ERROR hyper::server::tcp] accept error: Too many open files (os error 24)
[2026-10-06--03-27-34 ERROR hyper::server::tcp] accept error: Too many open files (os error 24)
[2026-10-06--03-27-34 WARN hyper_util::client::legacy::connect::http] tcp set_tcp_user_timeout error: Protocol not available (os error 92)
[2026-10-06--03-27-35 ERROR hyper::server::tcp] accept error: Too many open files (os error 24)
[2026-10-06--03-27-36 ERROR hyper::server::tcp] accept error: Too many open files (os error 24)
[2026-10-06--03-27-37 ERROR hyper::server::tcp] accept error: Too many open files (os error 24)
[2026-10-06--03-27-38 ERROR hyper::server::tcp] accept error: Too many open files (os error 24)
[2026-10-06--03-27-39 ERROR hyper::server::tcp] accept error: Too many open files (os error 24)
[2026-10-06--03-27-40 ERROR hyper::server::tcp] accept error: Too many open files (os error 24)
[2026-10-06--03-27-41 ERROR hyper::server::tcp] accept error: Too many open files (os error 24)
[2026-10-06--03-27-42 ERROR hyper::server::tcp] accept error: Too many open files (os error 24)
[2026-10-06--03-27-43 ERROR hyper::server::tcp] accept error: Too many open files (os error 24)
[2026-10-06--03-27-44 ERROR hyper::server::tcp] accept error: Too many open files (os error 24)
[2026-10-06--03-27-45 ERROR hyper::server::tcp] accept error: Too many open files (os error 24)
[2026-10-06--03-27-46 ERROR hyper::server::tcp] accept error: Too many open files (os error 24)
[2026-10-06--03-27-47 ERROR hyper::server::tcp] accept error: Too many open files (os error 24)
[2026-10-06--03-27-48 ERROR hyper::server::tcp] accept error: Too many open files (os error 24)
[2026-10-06--03-27-49 ERROR hyper::server::tcp] accept error: Too many open files (os error 24)
[2026-10-06--03-27-50 ERROR hyper::server::tcp] accept error: Too many open files (os error 24)
[2026-10-06--03-27-51 WARN hyper_util::client::legacy::connect::http] tcp set_tcp_user_timeout error: Protocol not available (os error 92)
[2026-10-06--03-27-51 ERROR hyper::server::tcp] accept error: Too many open files (os error 24)
[2026-10-06--03-27-51 WARN hyper_util::client::legacy::connect::http] tcp set_tcp_user_timeout error: Protocol not available (os error 92)
[2026-10-06--03-27-52 ERROR hyper::server::tcp] accept error: Too many open files (os error 24)
[2026-10-06--03-27-53 WARN hyper_util::client::legacy::connect::http] tcp set_tcp_user_timeout error: Protocol not available (os error 92)
[2026-10-06--03-27-53 WARN hyper_util::client::legacy::connect::http] tcp set_tcp_user_timeout error: Protocol not available (os error 92)
[2026-10-06--03-28-08 WARN hyper_util::client::legacy::connect::http] tcp set_tcp_user_timeout error: Protocol not available (os error 92)
[2026-10-06--03-28-16 ERROR hyper::server::tcp] accept error: Too many open files (os error 24)
[2026-10-06--03-28-32 ERROR hyper::server::tcp] accept error: Too many open files (os error 24)
[2026-10-06--03-28-37 ERROR hyper::server::tcp] accept error: Too many open files (os error 24)
[2026-10-06--03-28-38 ERROR hyper::server::tcp] accept error: Too many open files (os error 24)
[2026-10-06--03-28-39 ERROR hyper::server::tcp] accept error: Too many open files (os error 24)
[2026-10-06--03-28-40 ERROR hyper::server::tcp] accept error: Too many open files (os error 24)
[2026-10-06--03-28-41 ERROR hyper::server::tcp] accept error: Too many open files (os error 24)
[2026-10-06--03-28-42 ERROR hyper::server::tcp] accept error: Too many open files (os error 24)
[2026-10-06--03-28-42 WARN hyper_util::client::legacy::connect::http] tcp set_tcp_user_timeout error: Protocol not available (os error 92)
[2026-10-06--03-28-43 ERROR hyper::server::tcp] accept error: Too many open files (os error 24)
[2026-10-06--03-28-44 ERROR hyper::server::tcp] accept error: Too many open files (os error 24)
[2026-10-06--03-28-45 ERROR hyper::server::tcp] accept error: Too many open files (os error 24)
[2026-10-06--03-28-46 ERROR hyper::server::tcp] accept error: Too many open files (os error 24)
[2026-10-06--03-28-47 ERROR hyper::server::tcp] accept error: Too many open files (os error 24)
[2026-10-06--03-28-48 ERROR hyper::server::tcp] accept error: Too many open files (os error 24)
[2026-10-06--03-28-49 ERROR hyper::server::tcp] accept error: Too many open files (os error 24)
[2026-10-06--03-28-50 ERROR hyper::server::tcp] accept error: Too many open files (os error 24)
[2026-10-06--03-28-51 ERROR hyper::server::tcp] accept error: Too many open files (os error 24)
[2026-10-06--03-28-52 ERROR hyper::server::tcp] accept error: Too many open files (os error 24)
[2026-10-06--03-28-53 ERROR hyper::server::tcp] accept error: Too many open files (os error 24)
[2026-10-06--03-28-58 WARN hyper_util::client::legacy::connect::http] tcp set_tcp_user_timeout error: Protocol not available (os error 92)
[2026-10-06--03-28-58 WARN hyper_util::client::legacy::connect::http] tcp set_tcp_user_timeout error: Protocol not available (os error 92)
[2026-10-06--03-29-09 WARN hyper_util::client::legacy::connect::http] tcp set_tcp_user_timeout error: Protocol not available (os error 92)
[2026-10-06--03-29-27 ERROR hyper::server::tcp] accept error: Too many open files (os error 24)
[2026-10-06--03-29-32 ERROR hyper::server::tcp] accept error: Too many open files (os error 24)
[2026-10-06--03-29-48 ERROR hyper::server::tcp] accept error: Too many open files (os error 24)
[2026-10-06--03-29-49 ERROR hyper::server::tcp] accept error: Too many open files (os error 24)
[2026-10-06--03-29-50 ERROR hyper::server::tcp] accept error: Too many open files (os error 24)
[2026-10-06--03-29-51 ERROR hyper::server::tcp] accept error: Too many open files (os error 24)
[2026-10-06--03-29-52 ERROR hyper::server::tcp] accept error: Too many open files (os error 24)
[2026-10-06--03-29-53 ERROR hyper::server::tcp] accept error: Too many open files (os error 24)
[2026-10-06--03-29-54 ERROR hyper::server::tcp] accept error: Too many open files (os error 24)
[2026-10-06--03-29-55 ERROR hyper::server::tcp] accept error: Too many open files (os error 24)
[2026-10-06--03-29-56 ERROR hyper::server::tcp] accept error: Too many open files (os error 24)
[2026-10-06--03-29-57 ERROR hyper::server::tcp] accept error: Too many open files (os error 24)
[2026-10-06--03-29-58 ERROR hyper::server::tcp] accept error: Too many open files (os error 24)
[2026-10-06--03-29-59 ERROR hyper::server::tcp] accept error: Too many open files (os error 24)
[2026-10-06--03-30-00 ERROR hyper::server::tcp] accept error: Too many open files (os error 24)
[2026-10-06--03-30-01 ERROR hyper::server::tcp] accept error: Too many open files (os error 24)
[2026-10-06--03-30-02 ERROR hyper::server::tcp] accept error: Too many open files (os error 24)
[2026-10-06--03-30-03 ERROR hyper::server::tcp] accept error: Too many open files (os error 24)
[2026-10-06--03-30-04 ERROR hyper::server::tcp] accept error: Too many open files (os error 24)
[2026-10-06--03-30-05 ERROR hyper::server::tcp] accept error: Too many open files (os error 24)
[2026-10-06--03-30-06 ERROR hyper::server::tcp] accept error: Too many open files (os error 24)
[2026-10-06--03-30-07 ERROR hyper::server::tcp] accept error: Too many open files (os error 24)
[2026-10-06--03-30-08 ERROR hyper::server::tcp] accept error: Too many open files (os error 24)
[2026-10-06--03-30-09 ERROR hyper::server::tcp] accept error: Too many open files (os error 24)
[2026-10-06--03-30-10 ERROR hyper::server::tcp] accept error: Too many open files (os error 24)
[2026-10-06--03-30-11 ERROR hyper::server::tcp] accept error: Too many open files (os error 24)
[2026-10-06--03-30-12 ERROR hyper::server::tcp] accept error: Too many open files (os error 24)
[2026-10-06--03-30-13 ERROR hyper::server::tcp] accept error: Too many open files (os error 24)
[2026-10-06--03-30-14 ERROR hyper::server::tcp] accept error: Too many open files (os error 24)
[2026-10-06--03-30-15 ERROR hyper::server::tcp] accept error: Too many open files (os error 24)
[2026-10-06--03-30-16 ERROR hyper::server::tcp] accept error: Too many open files (os error 24)
[2026-10-06--03-30-17 ERROR hyper::server::tcp] accept error: Too many open files (os error 24)
[2026-10-06--03-30-18 ERROR hyper::server::tcp] accept error: Too many open files (os error 24)
[2026-10-06--03-30-19 ERROR hyper::server::tcp] accept error: Too many open files (os error 24)
[2026-10-06--03-30-20 ERROR hyper::server::tcp] accept error: Too many open files (os error 24)
[2026-10-06--03-30-21 ERROR hyper::server::tcp] accept error: Too many open files (os error 24)
[2026-10-06--03-30-22 ERROR hyper::server::tcp] accept error: Too many open files (os error 24)
[2026-10-06--03-30-28 WARN hyper_util::client::legacy::connect::http] tcp set_tcp_user_timeout error: Protocol not available (os error 92)
[2026-10-06--03-30-31 ERROR hyper::server::tcp] accept error: Too many open files (os error 24)
[2026-10-06--03-30-33 ERROR hyper::server::tcp] accept error: Too many open files (os error 24)
[2026-10-06--03-30-49 ERROR hyper::server::tcp] accept error: Too many open files (os error 24)
[2026-10-06--03-30-52 ERROR hyper::server::tcp] accept error: Too many open files (os error 24)
[2026-10-06--03-30-53 ERROR hyper::server::tcp] accept error: Too many open files (os error 24)
[2026-10-06--03-30-54 ERROR hyper::server::tcp] accept error: Too many open files (os error 24)
[2026-10-06--03-30-55 ERROR hyper::server::tcp] accept error: Too many open files (os error 24)
[2026-10-06--03-30-56 ERROR hyper::server::tcp] accept error: Too many open files (os error 24)
[2026-10-06--03-30-57 ERROR hyper::server::tcp] accept error: Too many open files (os error 24)
[2026-10-06--03-30-58 ERROR hyper::server::tcp] accept error: Too many open files (os error 24)
[2026-10-06--03-30-58 WARN hyper_util::client::legacy::connect::http] tcp set_tcp_user_timeout error: Protocol not available (os error 92)
[2026-10-06--03-30-59 ERROR hyper::server::tcp] accept error: Too many open files (os error 24)
[2026-10-06--03-31-00 ERROR hyper::server::tcp] accept error: Too many open files (os error 24)
[2026-10-06--03-31-01 ERROR hyper::server::tcp] accept error: Too many open files (os error 24)
[2026-10-06--03-31-02 ERROR hyper::server::tcp] accept error: Too many open files (os error 24)
[2026-10-06--03-31-03 ERROR hyper::server::tcp] accept error: Too many open files (os error 24)
[2026-10-06--03-31-04 ERROR hyper::server::tcp] accept error: Too many open files (os error 24)
[2026-10-06--03-31-05 ERROR hyper::server::tcp] accept error: Too many open files (os error 24)
[2026-10-06--03-31-06 ERROR hyper::server::tcp] accept error: Too many open files (os error 24)
[2026-10-06--03-31-07 ERROR hyper::server::tcp] accept error: Too many open files (os error 24)
[2026-10-06--03-31-08 ERROR hyper::server::tcp] accept error: Too many open files (os error 24)
[2026-10-06--03-31-09 WARN hyper_util::client::legacy::connect::http] tcp set_tcp_user_timeout error: Protocol not available (os error 92)
[2026-10-06--03-31-09 ERROR hyper::server::tcp] accept error: Too many open files (os error 24)
[2026-10-06--03-31-10 ERROR hyper::server::tcp] accept error: Too many open files (os error 24)
[2026-10-06--03-31-11 ERROR hyper::server::tcp] accept error: Too many open files (os error 24)
[2026-10-06--03-31-12 ERROR hyper::server::tcp] accept error: Too many open files (os error 24)
[2026-10-06--03-31-13 ERROR hyper::server::tcp] accept error: Too many open files (os error 24)
[2026-10-06--03-31-14 ERROR hyper::server::tcp] accept error: Too many open files (os error 24)
[2026-10-06--03-31-15 ERROR hyper::server::tcp] accept error: Too many open files (os error 24)
[2026-10-06--03-31-16 ERROR hyper::server::tcp] accept error: Too many open files (os error 24)
[2026-10-06--03-31-17 ERROR hyper::server::tcp] accept error: Too many open files (os error 24)
[2026-10-06--03-31-18 ERROR hyper::server::tcp] accept error: Too many open files (os error 24)
[2026-10-06--03-31-19 ERROR hyper::server::tcp] accept error: Too many open files (os error 24)
[2026-10-06--03-31-20 ERROR hyper::server::tcp] accept error: Too many open files (os error 24)
[2026-10-06--03-31-21 ERROR hyper::server::tcp] accept error: Too many open files (os error 24)
[2026-10-06--03-31-22 ERROR hyper::server::tcp] accept error: Too many open files (os error 24)
[2026-10-06--03-31-24 WARN hyper_util::client::legacy::connect::http] tcp set_tcp_user_timeout error: Protocol not available (os error 92)
[2026-10-06--03-31-26 WARN hyper_util::client::legacy::connect::http] tcp set_tcp_user_timeout error: Protocol not available (os error 92)
[2026-10-06--03-31-45 ERROR hyper::server::tcp] accept error: Too many open files (os error 24)
[2026-10-06--03-31-49 ERROR hyper::server::tcp] accept error: Too many open files (os error 24)
[2026-10-06--03-32-06 ERROR hyper::server::tcp] accept error: Too many open files (os error 24)
[2026-10-06--03-32-07 ERROR hyper::server::tcp] accept error: Too many open files (os error 24)
[2026-10-06--03-32-08 ERROR hyper::server::tcp] accept error: Too many open files (os error 24)
[2026-10-06--03-32-09 ERROR hyper::server::tcp] accept error: Too many open files (os error 24)
[2026-10-06--03-32-10 ERROR hyper::server::tcp] accept error: Too many open files (os error 24)
[2026-10-06--03-32-11 ERROR hyper::server::tcp] accept error: Too many open files (os error 24)
[2026-10-06--03-32-12 ERROR hyper::server::tcp] accept error: Too many open files (os error 24)
[2026-10-06--03-32-13 ERROR hyper::server::tcp] accept error: Too many open files (os error 24)
[2026-10-06--03-32-14 ERROR hyper::server::tcp] accept error: Too many open files (os error 24)
[2026-10-06--03-32-15 ERROR hyper::server::tcp] accept error: Too many open files (os error 24)
[2026-10-06--03-32-16 ERROR hyper::server::tcp] accept error: Too many open files (os error 24)
[2026-10-06--03-32-17 ERROR hyper::server::tcp] accept error: Too many open files (os error 24)
[2026-10-06--03-32-18 ERROR hyper::server::tcp] accept error: Too many open files (os error 24)
[2026-10-06--03-32-19 ERROR hyper::server::tcp] accept error: Too many open files (os error 24)
[2026-10-06--03-32-20 ERROR hyper::server::tcp] accept error: Too many open files (os error 24)
[2026-10-06--03-32-21 ERROR hyper::server::tcp] accept error: Too many open files (os error 24)
[2026-10-06--03-32-22 ERROR hyper::server::tcp] accept error: Too many open files (os error 24)
[2026-10-06--03-32-23 ERROR hyper::server::tcp] accept error: Too many open files (os error 24)
[2026-10-05--22-32-28 WARN hyper_util::client::legacy::connect::http] tcp set_tcp_user_timeout error: Protocol not available (os error 92)
[2026-10-06--03-32-34 WARN hyper_util::client::legacy::connect::http] tcp set_tcp_user_timeout error: Protocol not available (os error 92)
[2026-10-06--03-32-34 WARN hyper_util::client::legacy::connect::http] tcp set_tcp_user_timeout error: Protocol not available (os error 92)
[2026-10-06--03-32-52 ERROR hyper::server::tcp] accept error: Too many open files (os error 24)
[2026-10-06--03-33-09 ERROR hyper::server::tcp] accept error: Too many open files (os error 24)
[2026-10-06--03-33-10 ERROR hyper::server::tcp] accept error: Too many open files (os error 24)
[2026-10-06--03-33-11 ERROR hyper::server::tcp] accept error: Too many open files (os error 24)
[2026-10-06--03-33-12 ERROR hyper::server::tcp] accept error: Too many open files (os error 24)
[2026-10-06--03-33-13 ERROR hyper::server::tcp] accept error: Too many open files (os error 24)
[2026-10-06--03-33-14 ERROR hyper::server::tcp] accept error: Too many open files (os error 24)
[2026-10-06--03-33-15 WARN hyper_util::client::legacy::connect::http] tcp set_tcp_user_timeout error: Protocol not available (os error 92)
[2026-10-06--03-33-15 ERROR hyper::server::tcp] accept error: Too many open files (os error 24)
[2026-10-06--03-33-16 ERROR hyper::server::tcp] accept error: Too many open files (os error 24)
[2026-10-06--03-33-17 ERROR hyper::server::tcp] accept error: Too many open files (os error 24)
[2026-10-06--03-33-18 ERROR hyper::server::tcp] accept error: Too many open files (os error 24)
[2026-10-06--03-33-19 ERROR hyper::server::tcp] accept error: Too many open files (os error 24)
[2026-10-06--03-33-20 ERROR hyper::server::tcp] accept error: Too many open files (os error 24)
[2026-10-06--03-33-21 ERROR hyper::server::tcp] accept error: Too many open files (os error 24)
[2026-10-06--03-33-22 ERROR hyper::server::tcp] accept error: Too many open files (os error 24)
[2026-10-06--03-33-23 ERROR hyper::server::tcp] accept error: Too many open files (os error 24)
[2026-10-06--03-33-24 WARN hyper_util::client::legacy::connect::http] tcp set_tcp_user_timeout error: Protocol not available (os error 92)
[2026-10-06--03-33-39 WARN hyper_util::client::legacy::connect::http] tcp set_tcp_user_timeout error: Protocol not available (os error 92)
[2026-10-06--03-33-41 WARN hyper_util::client::legacy::connect::http] tcp set_tcp_user_timeout error: Protocol not available (os error 92)
[2026-10-05--22-33-44 WARN hyper_util::client::legacy::connect::http] tcp set_tcp_user_timeout error: Protocol not available (os error 92)
[2026-10-06--03-33-45 WARN hyper_util::client::legacy::connect::http] tcp set_tcp_user_timeout error: Protocol not available (os error 92)
[2026-10-06--03-33-58 ERROR hyper::server::tcp] accept error: Too many open files (os error 24)
[2026-10-06--03-34-01 ERROR hyper::server::tcp] accept error: Too many open files (os error 24)
[2026-10-06--03-34-14 ERROR hyper::server::tcp] accept error: Too many open files (os error 24)
[2026-10-06--03-34-19 ERROR hyper::server::tcp] accept error: Too many open files (os error 24)
[2026-10-06--03-34-20 ERROR hyper::server::tcp] accept error: Too many open files (os error 24)
[2026-10-06--03-34-21 ERROR hyper::server::tcp] accept error: Too many open files (os error 24)
[2026-10-06--03-34-22 ERROR hyper::server::tcp] accept error: Too many open files (os error 24)
[2026-10-06--03-34-23 ERROR hyper::server::tcp] accept error: Too many open files (os error 24)
[2026-10-06--03-34-24 ERROR hyper::server::tcp] accept error: Too many open files (os error 24)
[2026-10-06--03-34-25 ERROR hyper::server::tcp] accept error: Too many open files (os error 24)
[2026-10-06--03-34-26 ERROR hyper::server::tcp] accept error: Too many open files (os error 24)
[2026-10-06--03-34-27 ERROR hyper::server::tcp] accept error: Too many open files (os error 24)
[2026-10-06--03-34-28 ERROR hyper::server::tcp] accept error: Too many open files (os error 24)
[2026-10-06--03-34-29 ERROR hyper::server::tcp] accept error: Too many open files (os error 24)
[2026-10-06--03-34-30 ERROR hyper::server::tcp] accept error: Too many open files (os error 24)
[2026-10-06--03-34-31 ERROR hyper::server::tcp] accept error: Too many open files (os error 24)
[2026-10-06--03-34-32 ERROR hyper::server::tcp] accept error: Too many open files (os error 24)
[2026-10-06--03-34-33 ERROR hyper::server::tcp] accept error: Too many open files (os error 24)
[2026-10-06--03-34-34 ERROR hyper::server::tcp] accept error: Too many open files (os error 24)
[2026-10-06--03-34-35 ERROR hyper::server::tcp] accept error: Too many open files (os error 24)
[2026-10-06--03-34-36 ERROR hyper::server::tcp] accept error: Too many open files (os error 24)
[2026-10-06--03-34-37 ERROR hyper::server::tcp] accept error: Too many open files (os error 24)
[2026-10-06--03-34-38 ERROR hyper::server::tcp] accept error: Too many open files (os error 24)
[2026-10-06--03-34-39 ERROR hyper::server::tcp] accept error: Too many open files (os error 24)
[2026-10-06--03-34-40 ERROR hyper::server::tcp] accept error: Too many open files (os error 24)
[2026-10-06--03-34-41 ERROR hyper::server::tcp] accept error: Too many open files (os error 24)
[2026-10-06--03-34-42 ERROR hyper::server::tcp] accept error: Too many open files (os error 24)
[2026-10-06--03-34-43 ERROR hyper::server::tcp] accept error: Too many open files (os error 24)
[2026-10-06--03-34-44 ERROR hyper::server::tcp] accept error: Too many open files (os error 24)
[2026-10-06--03-34-45 ERROR hyper::server::tcp] accept error: Too many open files (os error 24)
[2026-10-06--03-34-46 ERROR hyper::server::tcp] accept error: Too many open files (os error 24)
[2026-10-06--03-34-47 ERROR hyper::server::tcp] accept error: Too many open files (os error 24)
[2026-10-06--03-34-48 ERROR hyper::server::tcp] accept error: Too many open files (os error 24)
[2026-10-06--03-34-49 ERROR hyper::server::tcp] accept error: Too many open files (os error 24)
[2026-10-06--03-34-50 ERROR hyper::server::tcp] accept error: Too many open files (os error 24)
[2026-10-06--03-34-51 ERROR hyper::server::tcp] accept error: Too many open files (os error 24)
[2026-10-06--03-34-52 ERROR hyper::server::tcp] accept error: Too many open files (os error 24)
[2026-10-06--03-34-53 WARN hyper_util::client::legacy::connect::http] tcp set_tcp_user_timeout error: Protocol not available (os error 92)
[2026-10-06--03-34-54 WARN hyper_util::client::legacy::connect::http] tcp set_tcp_user_timeout error: Protocol not available (os error 92)
[2026-10-06--03-35-06 ERROR hyper::server::tcp] accept error: Too many open files (os error 24)
[2026-10-06--03-35-11 WARN hyper_util::client::legacy::connect::http] tcp set_tcp_user_timeout error: Protocol not available (os error 92)
[2026-10-06--03-35-23 ERROR hyper::server::tcp] accept error: Too many open files (os error 24)
[2026-10-06--03-35-25 ERROR hyper::server::tcp] accept error: Too many open files (os error 24)
[2026-10-06--03-35-26 ERROR hyper::server::tcp] accept error: Too many open files (os error 24)
[2026-10-06--03-35-27 ERROR hyper::server::tcp] accept error: Too many open files (os error 24)
[2026-10-06--03-35-28 ERROR hyper::server::tcp] accept error: Too many open files (os error 24)
[2026-10-06--03-35-29 ERROR hyper::server::tcp] accept error: Too many open files (os error 24)
[2026-10-06--03-35-30 ERROR hyper::server::tcp] accept error: Too many open files (os error 24)
[2026-10-06--03-35-30 WARN hyper_util::client::legacy::connect::http] tcp set_tcp_user_timeout error: Protocol not available (os error 92)
[2026-10-06--03-35-31 ERROR hyper::server::tcp] accept error: Too many open files (os error 24)
[2026-10-06--03-35-32 ERROR hyper::server::tcp] accept error: Too many open files (os error 24)
[2026-10-06--03-35-33 ERROR hyper::server::tcp] accept error: Too many open files (os error 24)
[2026-10-06--03-35-34 ERROR hyper::server::tcp] accept error: Too many open files (os error 24)
[2026-10-06--03-35-35 ERROR hyper::server::tcp] accept error: Too many open files (os error 24)
[2026-10-06--03-35-36 ERROR hyper::server::tcp] accept error: Too many open files (os error 24)
[2026-10-06--03-35-37 ERROR hyper::server::tcp] accept error: Too many open files (os error 24)
[2026-10-06--03-35-38 ERROR hyper::server::tcp] accept error: Too many open files (os error 24)
[2026-10-06--03-35-39 ERROR hyper::server::tcp] accept error: Too many open files (os error 24)
[2026-10-06--03-35-40 ERROR hyper::server::tcp] accept error: Too many open files (os error 24)
[2026-10-06--03-35-41 ERROR hyper::server::tcp] accept error: Too many open files (os error 24)
[2026-10-06--03-35-42 WARN hyper_util::client::legacy::connect::http] tcp set_tcp_user_timeout error: Protocol not available (os error 92)
[2026-10-06--03-35-42 ERROR hyper::server::tcp] accept error: Too many open files (os error 24)
[2026-10-06--03-35-43 ERROR hyper::server::tcp] accept error: Too many open files (os error 24)
[2026-10-06--03-35-44 ERROR hyper::server::tcp] accept error: Too many open files (os error 24)
[2026-10-06--03-35-45 ERROR hyper::server::tcp] accept error: Too many open files (os error 24)
[2026-10-06--03-35-46 ERROR hyper::server::tcp] accept error: Too many open files (os error 24)
[2026-10-06--03-35-47 ERROR hyper::server::tcp] accept error: Too many open files (os error 24)
[2026-10-06--03-35-48 ERROR hyper::server::tcp] accept error: Too many open files (os error 24)
[2026-10-06--03-35-49 ERROR hyper::server::tcp] accept error: Too many open files (os error 24)
[2026-10-06--03-35-50 ERROR hyper::server::tcp] accept error: Too many open files (os error 24)
[2026-10-06--03-35-51 ERROR hyper::server::tcp] accept error: Too many open files (os error 24)
[2026-10-06--03-35-52 ERROR hyper::server::tcp] accept error: Too many open files (os error 24)
[2026-10-06--03-35-54 WARN hyper_util::client::legacy::connect::http] tcp set_tcp_user_timeout error: Protocol not available (os error 92)
[2026-10-06--03-35-55 WARN hyper_util::client::legacy::connect::http] tcp set_tcp_user_timeout error: Protocol not available (os error 92)
[2026-10-06--03-36-17 ERROR hyper::server::tcp] accept error: Too many open files (os error 24)
[2026-10-06--03-36-19 ERROR hyper::server::tcp] accept error: Too many open files (os error 24)
[2026-10-06--03-36-22 WARN hyper_util::client::legacy::connect::http] tcp set_tcp_user_timeout error: Protocol not available (os error 92)
[2026-10-06--03-36-32 ERROR hyper::server::tcp] accept error: Too many open files (os error 24)
[2026-10-06--03-36-32 WARN hyper_util::client::legacy::connect::http] tcp set_tcp_user_timeout error: Protocol not available (os error 92)
[2026-10-06--03-36-33 ERROR hyper::server::tcp] accept error: Too many open files (os error 24)
[2026-10-06--03-36-34 ERROR hyper::server::tcp] accept error: Too many open files (os error 24)
[2026-10-06--03-36-35 ERROR hyper::server::tcp] accept error: Too many open files (os error 24)
[2026-10-06--03-36-36 ERROR hyper::server::tcp] accept error: Too many open files (os error 24)
[2026-10-06--03-36-37 ERROR hyper::server::tcp] accept error: Too many open files (os error 24)
[2026-10-06--03-36-38 ERROR hyper::server::tcp] accept error: Too many open files (os error 24)
[2026-10-06--03-36-39 ERROR hyper::server::tcp] accept error: Too many open files (os error 24)
[2026-10-06--03-36-40 ERROR hyper::server::tcp] accept error: Too many open files (os error 24)
[2026-10-06--03-36-41 ERROR hyper::server::tcp] accept error: Too many open files (os error 24)
[2026-10-06--03-36-42 ERROR hyper::server::tcp] accept error: Too many open files (os error 24)
[2026-10-06--03-36-43 ERROR hyper::server::tcp] accept error: Too many open files (os error 24)
[2026-10-06--03-36-44 ERROR hyper::server::tcp] accept error: Too many open files (os error 24)
[2026-10-06--03-36-44 WARN hyper_util::client::legacy::connect::http] tcp set_tcp_user_timeout error: Protocol not available (os error 92)
[2026-10-06--03-36-45 ERROR hyper::server::tcp] accept error: Too many open files (os error 24)
[2026-10-06--03-36-46 ERROR hyper::server::tcp] accept error: Too many open files (os error 24)
[2026-10-06--03-36-47 ERROR hyper::server::tcp] accept error: Too many open files (os error 24)
[2026-10-06--03-36-48 ERROR hyper::server::tcp] accept error: Too many open files (os error 24)
[2026-10-06--03-36-49 ERROR hyper::server::tcp] accept error: Too many open files (os error 24)
[2026-10-06--03-36-50 ERROR hyper::server::tcp] accept error: Too many open files (os error 24)
[2026-10-06--03-36-51 ERROR hyper::server::tcp] accept error: Too many open files (os error 24)
[2026-10-06--03-36-52 ERROR hyper::server::tcp] accept error: Too many open files (os error 24)
[2026-10-06--03-37-00 WARN hyper_util::client::legacy::connect::http] tcp set_tcp_user_timeout error: Protocol not available (os error 92)
[2026-10-06--03-37-00 WARN hyper_util::client::legacy::connect::http] tcp set_tcp_user_timeout error: Protocol not available (os error 92)
[2026-10-06--03-37-19 ERROR hyper::server::tcp] accept error: Too many open files (os error 24)
[2026-10-06--03-37-21 ERROR hyper::server::tcp] accept error: Too many open files (os error 24)
[2026-10-06--03-37-34 ERROR hyper::server::tcp] accept error: Too many open files (os error 24)
[2026-10-06--03-37-37 ERROR hyper::server::tcp] accept error: Too many open files (os error 24)
[2026-10-06--03-37-38 ERROR hyper::server::tcp] accept error: Too many open files (os error 24)
[2026-10-06--03-37-39 ERROR hyper::server::tcp] accept error: Too many open files (os error 24)
[2026-10-06--03-37-40 ERROR hyper::server::tcp] accept error: Too many open files (os error 24)
[2026-10-06--03-37-41 ERROR hyper::server::tcp] accept error: Too many open files (os error 24)
[2026-10-06--03-37-42 ERROR hyper::server::tcp] accept error: Too many open files (os error 24)
[2026-10-06--03-37-43 ERROR hyper::server::tcp] accept error: Too many open files (os error 24)
[2026-10-06--03-37-44 ERROR hyper::server::tcp] accept error: Too many open files (os error 24)
[2026-10-06--03-37-45 ERROR hyper::server::tcp] accept error: Too many open files (os error 24)
[2026-10-06--03-37-46 ERROR hyper::server::tcp] accept error: Too many open files (os error 24)
[2026-10-06--03-37-47 ERROR hyper::server::tcp] accept error: Too many open files (os error 24)
[2026-10-06--03-37-48 ERROR hyper::server::tcp] accept error: Too many open files (os error 24)
[2026-10-06--03-37-49 ERROR hyper::server::tcp] accept error: Too many open files (os error 24)
[2026-10-06--03-37-50 ERROR hyper::server::tcp] accept error: Too many open files (os error 24)
[2026-10-06--03-37-51 ERROR hyper::server::tcp] accept error: Too many open files (os error 24)
[2026-10-06--03-37-52 ERROR hyper::server::tcp] accept error: Too many open files (os error 24)
[2026-10-06--03-37-53 ERROR hyper::server::tcp] accept error: Too many open files (os error 24)
[2026-10-06--03-37-57 WARN hyper_util::client::legacy::connect::http] tcp set_tcp_user_timeout error: Protocol not available (os error 92)
[2026-10-05--22-38-03 WARN hyper_util::client::legacy::connect::http] tcp set_tcp_user_timeout error: Protocol not available (os error 92)
[2026-10-05--22-38-03 WARN hyper_util::client::legacy::connect::http] tcp set_tcp_user_timeout error: Protocol not available (os error 92)
[2026-10-05--22-38-03 WARN hyper_util::client::legacy::connect::http] tcp set_tcp_user_timeout error: Protocol not available (os error 92)
[2026-10-05--22-38-04 WARN hyper_util::client::legacy::connect::http] tcp set_tcp_user_timeout error: Protocol not available (os error 92)
[2026-10-05--22-38-04 WARN hyper_util::client::legacy::connect::http] tcp set_tcp_user_timeout error: Protocol not available (os error 92)
[2026-10-06--03-38-14 ERROR hyper::server::tcp] accept error: Too many open files (os error 24)
[2026-10-06--03-38-23 ERROR hyper::server::tcp] accept error: Too many open files (os error 24)
[2026-10-06--03-38-25 ERROR hyper::server::tcp] accept error: Too many open files (os error 24)
[2026-10-06--03-38-39 ERROR hyper::server::tcp] accept error: Too many open files (os error 24)
[2026-10-06--03-38-41 ERROR hyper::server::tcp] accept error: Too many open files (os error 24)
[2026-10-06--03-38-42 ERROR hyper::server::tcp] accept error: Too many open files (os error 24)
[2026-10-06--03-38-43 ERROR hyper::server::tcp] accept error: Too many open files (os error 24)
[2026-10-06--03-38-44 ERROR hyper::server::tcp] accept error: Too many open files (os error 24)
[2026-10-06--03-38-45 ERROR hyper::server::tcp] accept error: Too many open files (os error 24)
[2026-10-06--03-38-46 ERROR hyper::server::tcp] accept error: Too many open files (os error 24)
[2026-10-06--03-38-47 ERROR hyper::server::tcp] accept error: Too many open files (os error 24)
[2026-10-06--03-38-48 ERROR hyper::server::tcp] accept error: Too many open files (os error 24)
[2026-10-06--03-38-49 ERROR hyper::server::tcp] accept error: Too many open files (os error 24)
[2026-10-06--03-38-50 ERROR hyper::server::tcp] accept error: Too many open files (os error 24)
[2026-10-06--03-38-51 ERROR hyper::server::tcp] accept error: Too many open files (os error 24)
[2026-10-06--03-38-52 ERROR hyper::server::tcp] accept error: Too many open files (os error 24)
[2026-10-06--03-38-53 ERROR hyper::server::tcp] accept error: Too many open files (os error 24)
[2026-10-06--03-38-54 ERROR hyper::server::tcp] accept error: Too many open files (os error 24)
[2026-10-06--03-38-58 WARN hyper_util::client::legacy::connect::http] tcp set_tcp_user_timeout error: Protocol not available (os error 92)
[2026-10-06--03-38-58 WARN hyper_util::client::legacy::connect::http] tcp set_tcp_user_timeout error: Protocol not available (os error 92)
[2026-10-06--03-39-03 WARN hyper_util::client::legacy::connect::http] tcp set_tcp_user_timeout error: Protocol not available (os error 92)
[2026-10-06--03-39-10 WARN hyper_util::client::legacy::connect::http] tcp set_tcp_user_timeout error: Protocol not available (os error 92)
[2026-10-06--03-39-20 ERROR hyper::server::tcp] accept error: Too many open files (os error 24)
[2026-10-06--03-39-40 WARN hyper_util::client::legacy::connect::http] tcp set_tcp_user_timeout error: Protocol not available (os error 92)
[2026-10-06--03-39-52 WARN hyper_util::client::legacy::connect::http] tcp set_tcp_user_timeout error: Protocol not available (os error 92)
[2026-10-05--22-39-53 WARN hyper_util::client::legacy::connect::http] tcp set_tcp_user_timeout error: Protocol not available (os error 92)
[2026-10-05--22-39-55 WARN hyper_util::client::legacy::connect::http] tcp set_tcp_user_timeout error: Protocol not available (os error 92)
[2026-10-05--22-39-56 WARN hyper_util::client::legacy::connect::http] tcp set_tcp_user_timeout error: Protocol not available (os error 92)
[2026-10-05--22-39-57 WARN hyper_util::client::legacy::connect::http] tcp set_tcp_user_timeout error: Protocol not available (os error 92)
[2026-10-06--03-39-58 WARN hyper_util::client::legacy::connect::http] tcp set_tcp_user_timeout error: Protocol not available (os error 92)
[2026-10-05--22-40-00 WARN hyper_util::client::legacy::connect::http] tcp set_tcp_user_timeout error: Protocol not available (os error 92)
[2026-10-06--03-40-01 WARN hyper_util::client::legacy::connect::http] tcp set_tcp_user_timeout error: Protocol not available (os error 92)
[2026-10-05--22-40-02 WARN hyper_util::client::legacy::connect::http] tcp set_tcp_user_timeout error: Protocol not available (os error 92)
[2026-10-05--22-40-04 WARN hyper_util::client::legacy::connect::http] tcp set_tcp_user_timeout error: Protocol not available (os error 92)
[2026-10-06--03-40-05 WARN hyper_util::client::legacy::connect::http] tcp set_tcp_user_timeout error: Protocol not available (os error 92)
[2026-10-05--22-40-06 WARN hyper_util::client::legacy::connect::http] tcp set_tcp_user_timeout error: Protocol not available (os error 92)
[2026-10-05--22-40-08 WARN hyper_util::client::legacy::connect::http] tcp set_tcp_user_timeout error: Protocol not available (os error 92)
[2026-10-06--03-40-09 WARN hyper_util::client::legacy::connect::http] tcp set_tcp_user_timeout error: Protocol not available (os error 92)
[2026-10-05--22-40-10 WARN hyper_util::client::legacy::connect::http] tcp set_tcp_user_timeout error: Protocol not available (os error 92)
[2026-10-06--03-40-12 WARN hyper_util::client::legacy::connect::http] tcp set_tcp_user_timeout error: Protocol not available (os error 92)
[2026-10-05--22-40-13 WARN hyper_util::client::legacy::connect::http] tcp set_tcp_user_timeout error: Protocol not available (os error 92)
[2026-10-05--22-40-14 WARN hyper_util::client::legacy::connect::http] tcp set_tcp_user_timeout error: Protocol not available (os error 92)
[2026-10-05--22-40-16 WARN hyper_util::client::legacy::connect::http] tcp set_tcp_user_timeout error: Protocol not available (os error 92)
[2026-10-05--22-40-17 WARN hyper_util::client::legacy::connect::http] tcp set_tcp_user_timeout error: Protocol not available (os error 92)
[2026-10-06--03-40-18 WARN hyper_util::client::legacy::connect::http] tcp set_tcp_user_timeout error: Protocol not available (os error 92)
[2026-10-05--22-40-19 WARN hyper_util::client::legacy::connect::http] tcp set_tcp_user_timeout error: Protocol not available (os error 92)
[2026-10-05--22-40-26 WARN hyper_util::client::legacy::connect::http] tcp set_tcp_user_timeout error: Protocol not available (os error 92)
[2026-10-05--22-40-31 WARN hyper_util::client::legacy::connect::http] tcp set_tcp_user_timeout error: Protocol not available (os error 92)
[2026-10-06--03-41-58 WARN hyper_util::client::legacy::connect::http] tcp set_tcp_user_timeout error: Protocol not available (os error 92)
[2026-10-05--22-42-03 WARN hyper_util::client::legacy::connect::http] tcp set_tcp_user_timeout error: Protocol not available (os error 92)
[2026-10-05--22-42-21 WARN hyper_util::client::legacy::connect::http] tcp set_tcp_user_timeout error: Protocol not available (os error 92)
[2026-10-05--22-43-20 WARN hyper_util::client::legacy::connect::http] tcp set_tcp_user_timeout error: Protocol not available (os error 92)
[2026-10-05--22-43-26 WARN hyper_util::client::legacy::connect::http] tcp set_tcp_user_timeout error: Protocol not available (os error 92)
[2026-10-05--22-43-37 WARN hyper_util::client::legacy::connect::http] tcp set_tcp_user_timeout error: Protocol not available (os error 92)
[2026-10-05--22-47-21 WARN hyper_util::client::legacy::connect::http] tcp set_tcp_user_timeout error: Protocol not available (os error 92)
[2026-10-05--22-48-25 WARN hyper_util::client::legacy::connect::http] tcp set_tcp_user_timeout error: Protocol not available (os error 92)
[2026-10-05--22-48-30 WARN hyper_util::client::legacy::connect::http] tcp set_tcp_user_timeout error: Protocol not available (os error 92)
[2026-10-05--22-49-30 WARN hyper_util::client::legacy::connect::http] tcp set_tcp_user_timeout error: Protocol not available (os error 92)
[2026-10-05--22-51-32 WARN hyper_util::client::legacy::connect::http] tcp set_tcp_user_timeout error: Protocol not available (os error 92)
[2026-10-05--22-51-37 WARN hyper_util::client::legacy::connect::http] tcp set_tcp_user_timeout error: Protocol not available (os error 92)
[2026-10-05--22-51-44 WARN hyper_util::client::legacy::connect::http] tcp set_tcp_user_timeout error: Protocol not available (os error 92)
[2026-10-05--22-52-15 WARN hyper_util::client::legacy::connect::http] tcp set_tcp_user_timeout error: Protocol not available (os error 92)
[2026-10-05--22-52-15 WARN hyper_util::client::legacy::connect::http] tcp set_tcp_user_timeout error: Protocol not available (os error 92)
[2026-10-05--22-52-20 WARN hyper_util::client::legacy::connect::http] tcp set_tcp_user_timeout error: Protocol not available (os error 92)
[2026-10-05--22-52-21 INFO parity_ws::io] Accepted a new tcp connection from 127.0.0.1:65029.
[2026-10-05--22-52-22 WARN hyper_util::client::legacy::connect::http] tcp set_tcp_user_timeout error: Protocol not available (os error 92)
[2026-10-05--22-52-22 WARN hyper_util::client::legacy::connect::http] tcp set_tcp_user_timeout error: Protocol not available (os error 92)
