[2026-10-05--21-53-46 INFO actix_server::builder] starting 5 workers
[2026-10-05--21-53-46 INFO actix_server::server] Tokio runtime found; starting in existing Tokio runtime
[2026-10-05--21-53-46 INFO actix_server::server] starting service: "actix-web-service-127.0.0.1:18488", workers: 5, listening on: 127.0.0.1:18488
[2026-10-05--21-53-51 WARN hyper_util::client::legacy::connect::http] tcp set_tcp_user_timeout error: Protocol not available (os error 92)
[2026-10-05--21-53-51 INFO parity_ws] Listening for new connections on 127.0.0.1:8900.
[2026-10-05--21-53-51 WARN hyper_util::client::legacy::connect::http] tcp set_tcp_user_timeout error: Protocol not available (os error 92)
[2026-10-05--21-53-56 WARN hyper_util::client::legacy::connect::http] tcp set_tcp_user_timeout error: Protocol not available (os error 92)
[2026-10-05--21-54-33 WARN hyper_util::client::legacy::connect::http] tcp set_tcp_user_timeout error: Protocol not available (os error 92)
[2026-10-05--21-54-59 WARN hyper_util::client::legacy::connect::http] tcp set_tcp_user_timeout error: Protocol not available (os error 92)
[2026-10-05--21-54-59 WARN hyper_util::client::legacy::connect::http] tcp set_tcp_user_timeout error: Protocol not available (os error 92)
[2026-10-05--21-55-00 WARN hyper_util::client::legacy::connect::http] tcp set_tcp_user_timeout error: Protocol not available (os error 92)
[2026-10-05--21-55-00 WARN hyper_util::client::legacy::connect::http] tcp set_tcp_user_timeout error: Protocol not available (os error 92)
[2026-10-05--21-55-05 WARN hyper_util::client::legacy::connect::http] tcp set_tcp_user_timeout error: Protocol not available (os error 92)
[2026-10-05--21-55-10 WARN hyper_util::client::legacy::connect::http] tcp set_tcp_user_timeout error: Protocol not available (os error 92)
[2026-10-05--21-55-15 WARN hyper_util::client::legacy::connect::http] tcp set_tcp_user_timeout error: Protocol not available (os error 92)
[2026-10-05--21-55-16 INFO parity_ws::io] Accepted a new tcp connection from 127.0.0.1:49161.
[2026-10-05--21-55-17 WARN hyper_util::client::legacy::connect::http] tcp set_tcp_user_timeout error: Protocol not available (os error 92)
[2026-10-05--21-55-38 WARN hyper_util::client::legacy::connect::http] tcp set_tcp_user_timeout error: Protocol not available (os error 92)
[2026-10-05--21-56-07 WARN hyper_util::client::legacy::connect::http] tcp set_tcp_user_timeout error: Protocol not available (os error 92)
[2026-10-05--21-56-23 WARN hyper_util::client::legacy::connect::http] tcp set_tcp_user_timeout error: Protocol not available (os error 92)
[2026-10-05--21-57-34 WARN hyper_util::client::legacy::connect::http] tcp set_tcp_user_timeout error: Protocol not available (os error 92)
[2026-10-05--21-57-34 WARN hyper_util::client::legacy::connect::http] tcp set_tcp_user_timeout error: Protocol not available (os error 92)
[2026-10-05--21-57-48 WARN hyper_util::client::legacy::connect::http] tcp set_tcp_user_timeout error: Protocol not available (os error 92)
[2026-10-05--21-59-00 WARN hyper_util::client::legacy::connect::http] tcp set_tcp_user_timeout error: Protocol not available (os error 92)
[2026-10-05--21-59-05 WARN hyper_util::client::legacy::connect::http] tcp set_tcp_user_timeout error: Protocol not available (os error 92)
[2026-10-05--21-59-05 WARN hyper_util::client::legacy::connect::http] tcp set_tcp_user_timeout error: Protocol not available (os error 92)
